28 28
                            
                            
                            
                            
                            
                            
                            
      :+==..                
      *#####********+.      
      :-:-+##########=      
            : :::. ##-      
                  :#*       
                  ##:       
                 =##.       
                .##.        
                =#+         
                *#.         
               -#+          
              :##.          
              *#+           
             *#*.           
            .##:            
            ##-             
           =##.             
          .###.             
          -##*.             
          -#*               
                            
8 26 26 8 13 13 10
0.0 0.0 0.0 0.0 0.0 0.0 0.0 1.0 0.0 0.0
0 1 2 3 4 5 6 7 8 9
