299.821 56.277 50.178 50.171 50.17 50.17 50.17 50.17 50.17 50.17 50.17
7.503 1.902 1.897 1.897 1.897 1.897 1.897 1.897 1.897 1.897 1.897
-0.503 -0.593
 -0.59  0.551
-0.587  0.457
 0.367  0.014
-0.655  0.538
EEEEEEBBBBBBBBBBBBBBBBBBBBDDDDDDDDDDDDDD
EEEEEEBBBBBBBBBBBBBBBBBBBDDDDDDDDDDDDDDD
EEEEEEBBBBBBBBBBBBBBBBBBDDDDDDDDDDDDDDDD
EEEEEEBBBBBBBBBBBBBBBBBBDDDDDDDDDDDDDDDD
EEEEEEEBBBBBBBBBBBBBBBBDDDDDDDDDDDDDDDDD
EEEEEEEBBBBBBBBBBBBBBBBDDDDDDDDDDDDDDDDD
EEEEEEEBBBBBBBBBBBBBBBDDDDDDDDDDDDDDDDDD
EEEEEEEBBBBBBBBBBBBBBBDDDDDDDDDDDDDDDDDD
EEEEEEEBBBBBBBBBBBBBBDDDDDDDDDDDDDDDDDDD
EEEEEEEEBBBBBBBBBBBBBDDDDDDDDDDDDDDDDDDD
EEEEEEECCCCCCCCCCCCCDDDDDDDDDDDDDDDDDDDD
EEEEEECCCCCCCCCCCCCCDDDDDDDDDDDDDDDDDDDD
EEEEECCCCCCCCCCCCCCDDDDDDDDDDDDDDDDDDDDD
EEECCCCCCCCCCCCCCCCDDDDDDDDDDDDDDDDDDDDD
EECCCCCCCCCCCCCCCCDDDDDDDDDDDDDDDDDDDDDD
ECCCCCCCCCCCCCCCCCDDDDDDDDDDDDDDDDDDDDDD
CCCCCCCCCCCCCCCCCDDDDDDDDDDDDDDDDDDDDDDD
CCCCCCCCCCCCCCCCCDDDDDDDDDDDDDDDDDDDDDDD
CCCCCCCCCCCCCCCCDDDDDDDDDDDDDDDDDDDDDDDD
CCCCCCCCCCCCCCCCDDDDDDDDDDDDDDDDDDDDDDDD
CCCCCCCCCCCCCCCDDDDDDDDDDDDDDDDDDDDDDDDD
CCCCCCCAAAAAAAAADDDDDDDDDDDDDDDDDDDDDDDD
AAAAAAAAAAAAAAAADDDDDDDDDDDDDDDDDDDDDDDD
AAAAAAAAAAAAAAAAADDDDDDDDDDDDDDDDDDDDDDD
AAAAAAAAAAAAAAAAAADDDDDDDDDDDDDDDDDDDDDD
AAAAAAAAAAAAAAAAAADDDDDDDDDDDDDDDDDDDDDD
AAAAAAAAAAAAAAAAAAADDDDDDDDDDDDDDDDDDDDD
AAAAAAAAAAAAAAAAAAAADDDDDDDDDDDDDDDDDDDD
AAAAAAAAAAAAAAAAAAAAADDDDDDDDDDDDDDDDDDD
AAAAAAAAAAAAAAAAAAAAADDDDDDDDDDDDDDDDDDD
AAAAAAAAAAAAAAAAAAAAAADDDDDDDDDDDDDDDDDD
AAAAAAAAAAAAAAAAAAAAAAADDDDDDDDDDDDDDDDD
AAAAAAAAAAAAAAAAAAAAAAADDDDDDDDDDDDDDDDD
AAAAAAAAAAAAAAAAAAAAAAAADDDDDDDDDDDDDDDD
AAAAAAAAAAAAAAAAAAAAAAAAADDDDDDDDDDDDDDD
AAAAAAAAAAAAAAAAAAAAAAAAADDDDDDDDDDDDDDD
AAAAAAAAAAAAAAAAAAAAAAAAAADDDDDDDDDDDDDD
AAAAAAAAAAAAAAAAAAAAAAAAAAADDDDDDDDDDDDD
AAAAAAAAAAAAAAAAAAAAAAAAAAAADDDDDDDDDDDD
AAAAAAAAAAAAAAAAAAAAAAAAAAAADDDDDDDDDDDD
