9 27 371
1
0.375 0.875 1.0
cccccccccccccccccccc
cccccccccccccccccccb
ccccccccccccccccccbb
cccccccccccccccccbbb
ccccccccccccccccbbbb
cccccccccccccccbbbbb
ccccccccccccccbbbbbb
accccccccccccbbbbbbb
aaaaccccccccbbbbbbbb
aaaaaaaacccbbbbbbbbb
aaaaaaaaaabbbbbbbbbb
aaaaaaaaaabbbbbbbbbb
aaaaaaaaaaabbbbbbbbb
aaaaaaaaaaabbbbbbbbb
aaaaaaaaaaabbbbbbbbb
aaaaaaaaaaabbbbbbbbb
aaaaaaaaaaaabbbbbbbb
aaaaaaaaaaaabbbbbbbb
aaaaaaaaaaaabbbbbbbb
aaaaaaaaaaaabbbbbbbb
aacccccccccccccccccc
aacccccccccccccccccc
aaaccccccccccccccccc
ccaccccccccccccccccc
cccccccaaaabcccccccc
cccccaaaaaabcccccccc
cccccaaaaaabcccccccc
ccccccaaaaaabccccccc
cccccabbaaaabccccccc
ccccaabbbbaabbcccccc
cccaaabbbcccbbcccccc
ccaaaaabbccccccccbbb
caaaaaabbbcccccbaaaa
caaaaaabbbcccccbaaaa
aaaaaaaabbbbbbbbaaaa
aaaaaaaaaaaaaaaaaaaa
aaaaaaaaaaaaaaaaaaaa
aaaaaaaaaaaaaaaaaaaa
aaaaaaaaaaaaaaaaaaaa
aaaaaaaaaaaaaaaaaaaa
ccccccccccbbbbbbbbbb
ccccccccccbbbbbbbbbb
cccccccccccbbbbbbbbb
cccccccccccccbbbbbbb
cccccccccccccccbbbbb
ccccccaaaaaccccbbbbb
cccccaaaaaaacccbbbbb
ccccaaaaaaaaacccbbbb
ccccaaabbbaaacccbbbb
cccaaabbbbaaacccbbbb
cccaaabbbccacccbbbbb
cccaaabbbccccccbbbbb
ccaaaabbbcccccbbbbbb
caaaaabbbbbccbbbbbbb
aaaaaaabbbbbbbbbbbbb
aaaaaaaabbbbbbbaaabb
aaaaaaaaaaaaaaaaaaaa
aaaaaaaaaaaaaaaaaaaa
aaaaaaaaaaaaaaaaaaaa
aaaaaaaaaaaaaaaaaaaa
