          t  a  d  n  c  t  s  b  i  w  t  
the       .................................
animal    .................................
did       .................................
not       .................................
cross     .................................
the       .................................
street    .................................
because   .................................
it           ###                           
was       .................................
tired        ###                           
the       -       
animal    -       
did       -       
not       -       
cross     -       
the       -       
street    -       
because   -       
it        animal  
was       -       
tired     animal  
0.98 0.0 0.0 0.01 0.0 0.0 0.01 0.0
          t  a  d  n  c  t  s  b  i  w  t  
the       ###                              
animal    ======                           
did       :::::::::                        
not       ::::::::::::                     
cross     ...............                  
the       ..................               
street    .....................            
because   ........................         
it           ###                           
was       ..............................   
tired        ###                           
the       -       
animal    -       
did       -       
not       -       
cross     -       
the       -       
street    -       
because   -       
it        animal  
was       -       
wide      street  
